// Jest Snapshot v1, https://goo.gl/fbAQLP

exports[`saveQuotes Saga should call the saveFailed action if the response errors 1`] = `
Object {
  "@@redux-saga/IO": true,
  "SELECT": Object {
    "args": Array [],
    "selector": [Function],
  },
}
`;

exports[`saveQuotes Saga should call the saveFailed action if the response errors 2`] = `
Object {
  "@@redux-saga/IO": true,
  "CALL": Object {
    "args": Array [
      "/saved/quotes",
      Object {
        "quote": "shoot for the moon and the stars",
      },
    ],
    "context": null,
    "fn": [Function],
  },
}
`;

exports[`saveQuotes Saga should dispatch the saveSuccess action if it saves the data successfully 1`] = `
Object {
  "@@redux-saga/IO": true,
  "SELECT": Object {
    "args": Array [],
    "selector": [Function],
  },
}
`;

exports[`saveQuotes Saga should dispatch the saveSuccess action if it saves the data successfully 2`] = `
Object {
  "@@redux-saga/IO": true,
  "CALL": Object {
    "args": Array [
      "/saved/quotes",
      Object {
        "quote": "shoot for the moon and the stars",
      },
    ],
    "context": null,
    "fn": [Function],
  },
}
`;
